
> temp_app@0.1.0 build
> next build Line:

node.exe : Invalid project 
directory provided, no such 
directory: C:\Users\Imzen\Down
loads\conform-website\Line:
At C:\Program 
Files\nodejs\npm.ps1:29 char:3
+   & $NODE_EXE $NPM_CLI_JS 
$args
+   
~~~~~~~~~~~~~~~~~~~~~~~~~~~~~
    + CategoryInfo          : 
    NotSpecified: (Invalid p  
  roject...m-website\Line::   
 String) [], RemoteExcepti    
on
    + FullyQualifiedErrorId : 
    NativeCommandError
 
