
> temp_app@0.1.0 build
> next build

node.exe : ΓÜá Warning: 
Next.js inferred your 
workspace root, but it may 
not be correct.
At C:\Program 
Files\nodejs\npm.ps1:29 char:3
+   & $NODE_EXE $NPM_CLI_JS 
$args
+   
~~~~~~~~~~~~~~~~~~~~~~~~~~~~~
    + CategoryInfo          : 
    NotSpecified: (ΓÜá Warni  
  ng: Ne...not be correct.:   
 String) [], RemoteExcepti    
on
    + FullyQualifiedErrorId : 
    NativeCommandError
 
 We detected multiple 
lockfiles and selected the 
directory of C:\Users\Imzen\pa
ckage-lock.json as the root 
directory.
 To silence this warning, set 
`turbopack.root` in your 
Next.js config, or consider 
removing one of the lockfiles 
if it's not needed.
   See https://nextjs.org/docs
/app/api-reference/config/next
-config-js/turbopack#root-dire
ctory for more information.
 Detected additional 
lockfiles: 
   * C:\Users\Imzen\Downloads\
conform-website\package-lock.j
son

Γû▓ Next.js 16.1.6 (Turbopack)
- Environments: .env.local

  Creating an optimized production build ...

> Build error occurred
Error: Turbopack build failed 
with 4 errors:
./Downloads/conform-website/ap
p/auth/login/page.tsx:33:24
Parsing ecmascript source 
code failed
[0m [90m 31 |[39m
 [90m 32 |[39m     
[36mreturn[39m (
[31m[1m>[22m[39m[90m 33 
|[39m         
[33m<[39m[33mdiv[39m class
Name[33m=[39m[37m[41m[1m\
[22m[49m[39m[32m"min-h-scr
een flex items-center 
justify-center bg-gray-50 
py-12 px-4 sm:px-6 
lg:px-8\">[39m
 [90m    |[39m              
          [31m[1m^[22m[39m
 [90m 34 |[39m             
[33m<[39m div className [33
m=[39m[37m[41m[1m\[22m[4
9m[39m[32m"max-w-md 
w-full\">[39m
 [90m 35 |[39m              
   [33m<[39m div [33m>[39m
 [90m 36 |[39m              
   [33m<[39m[33mh2[39m cla
ssName[33m=[39m[37m[41m[1
m\[22m[49m[39m[32m"font-he
ading text-5xl text-center 
mb-2\">Welcome 
Back</h2>[39m[0m

Expected unicode escape


./Downloads/conform-website/ap
p/auth/login/page.tsx:33:25
Parsing ecmascript source 
code failed
[0m [90m 31 |[39m
 [90m 32 |[39m     
[36mreturn[39m (
[31m[1m>[22m[39m[90m 33 
|[39m         
[33m<[39m[33mdiv[39m class
Name[33m=[39m[37m[41m[1m\
[22m[49m[39m[32m"min-h-scr
een flex items-center 
justify-center bg-gray-50 
py-12 px-4 sm:px-6 
lg:px-8\">[39m
 [90m    |[39m              
           [31m[1m^[22m[39
m[31m[1m^[22m[39m[31m[1m
^[22m[39m[31m[1m^[22m[39
m[31m[1m^[22m[39m[31m[1m
^[22m[39m[31m[1m^[22m[39
m[31m[1m^[22m[39m[31m[1m
^[22m[39m[31m[1m^[22m[39
m[31m[1m^[22m[39m[31m[1m
^[22m[39m[31m[1m^[22m[39
m[31m[1m^[22m[39m[31m[1m
^[22m[39m[31m[1m^[22m[39
m[31m[1m^[22m[39m[31m[1m
^[22m[39m[31m[1m^[22m[39
m[31m[1m^[22m[39m[31m[1m
^[22m[39m[31m[1m^[22m[39
m[31m[1m^[22m[39m[31m[1m
^[22m[39m[31m[1m^[22m[39
m[31m[1m^[22m[39m[31m[1m
^[22m[39m[31m[1m^[22m[39
m[31m[1m^[22m[39m[31m[1m
^[22m[39m[31m[1m^[22m[39
m[31m[1m^[22m[39m[31m[1m
^[22m[39m[31m[1m^[22m[39
m[31m[1m^[22m[39m[31m[1m
^[22m[39m[31m[1m^[22m[39
m[31m[1m^[22m[39m[31m[1m
^[22m[39m[31m[1m^[22m[39
m[31m[1m^[22m[39m[31m[1m
^[22m[39m[31m[1m^[22m[39
m[31m[1m^[22m[39m[31m[1m
^[22m[39m[31m[1m^[22m[39
m[31m[1m^[22m[39m[31m[1m
^[22m[39m[31m[1m^[22m[39
m[31m[1m^[22m[39m[31m[1m
^[22m[39m[31m[1m^[22m[39
m[31m[1m^[22m[39m[31m[1m
^[22m[39m[31m[1m^[22m[39
m[31m[1m^[22m[39m[31m[1m
^[22m[39m[31m[1m^[22m[39
m[31m[1m^[22m[39m[31m[1m
^[22m[39m[31m[1m^[22m[39
m[31m[1m^[22m[39m[31m[1m
^[22m[39m[31m[1m^[22m[39
m[31m[1m^[22m[39m[31m[1m
^[22m[39m[31m[1m^[22m[39
m[31m[1m^[22m[39m[31m[1m
^[22m[39m[31m[1m^[22m[39
m[31m[1m^[22m[39m[31m[1m
^[22m[39m[31m[1m^[22m[39
m[31m[1m^[22m[39m[31m[1m
^[22m[39m[31m[1m^[22m[39
m[31m[1m^[22m[39m[31m[1m
^[22m[39m[31m[1m^[22m[39
m[31m[1m^[22m[39m[31m[1m
^[22m[39m[31m[1m^[22m[39
m[31m[1m^[22m[39m[31m[1m
^[22m[39m[31m[1m^[22m[39
m[31m[1m^[22m[39m[31m[1m
^[22m[39m
 [90m 34 |[39m             
[33m<[39m div className [33
m=[39m[37m[41m[1m\[22m[4
9m[39m[32m"max-w-md 
w-full\">[39m
 [90m 35 |[39m              
   [33m<[39m div [33m>[39m
 [90m 36 |[39m              
   [33m<[39m[33mh2[39m cla
ssName[33m=[39m[37m[41m[1
m\[22m[49m[39m[32m"font-he
ading text-5xl text-center 
mb-2\">Welcome 
Back</h2>[39m[0m

Unterminated string constant


./Downloads/conform-website/ap
p/auth/signup/page.tsx:51:28
Parsing ecmascript source 
code failed
[0m [90m 49 |[39m     
[36mif[39m (success) {
 [90m 50 |[39m         
[36mreturn[39m (
[31m[1m>[22m[39m[90m 51 
|[39m             
[33m<[39m[33mdiv[39m class
Name[33m=[39m[37m[41m[1m\
[22m[49m[39m[32m"min-h-scr
een flex items-center 
justify-center bg-gray-50 
py-12 px-4\">[39m
 [90m    |[39m              
              
[31m[1m^[22m[39m
 [90m 52 |[39m              
   [33m<[39m div className 
[33m=[39m[37m[41m[1m\[22m
[49m[39m[32m"max-w-md 
w-full text-center\">[39m
 [90m 53 |[39m              
       [33m<[39m div 
className [33m=[39m[37m[41
m[1m\[22m[49m[39m[32m"bg-
green-50 border-2 
border-green-500 rounded 
p-8\">[39m
 [90m 54 |[39m              
           [33m<[39m h2 
className [33m=[39m[37m[41
m[1m\[22m[49m[39m[32m"fon
t-heading text-4xl 
text-green-800 mb-4\">Γ£à 
Account Created!</h2>[39m[0m

Expected unicode escape


./Downloads/conform-website/ap
p/auth/signup/page.tsx:51:29
Parsing ecmascript source 
code failed
[0m [90m 49 |[39m     
[36mif[39m (success) {
 [90m 50 |[39m         
[36mreturn[39m (
[31m[1m>[22m[39m[90m 51 
|[39m             
[33m<[39m[33mdiv[39m class
Name[33m=[39m[37m[41m[1m\
[22m[49m[39m[32m"min-h-scr
een flex items-center 
justify-center bg-gray-50 
py-12 px-4\">[39m
 [90m    |[39m              
               [31m[1m^[22m
[39m[31m[1m^[22m[39m[31m
[1m^[22m[39m[31m[1m^[22m
[39m[31m[1m^[22m[39m[31m
[1m^[22m[39m[31m[1m^[22m
[39m[31m[1m^[22m[39m[31m
[1m^[22m[39m[31m[1m^[22m
[39m[31m[1m^[22m[39m[31m
[1m^[22m[39m[31m[1m^[22m
[39m[31m[1m^[22m[39m[31m
[1m^[22m[39m[31m[1m^[22m
[39m[31m[1m^[22m[39m[31m
[1m^[22m[39m[31m[1m^[22m
[39m[31m[1m^[22m[39m[31m
[1m^[22m[39m[31m[1m^[22m
[39m[31m[1m^[22m[39m[31m
[1m^[22m[39m[31m[1m^[22m
[39m[31m[1m^[22m[39m[31m
[1m^[22m[39m[31m[1m^[22m
[39m[31m[1m^[22m[39m[31m
[1m^[22m[39m[31m[1m^[22m
[39m[31m[1m^[22m[39m[31m
[1m^[22m[39m[31m[1m^[22m
[39m[31m[1m^[22m[39m[31m
[1m^[22m[39m[31m[1m^[22m
[39m[31m[1m^[22m[39m[31m
[1m^[22m[39m[31m[1m^[22m
[39m[31m[1m^[22m[39m[31m
[1m^[22m[39m[31m[1m^[22m
[39m[31m[1m^[22m[39m[31m
[1m^[22m[39m[31m[1m^[22m
[39m[31m[1m^[22m[39m[31m
[1m^[22m[39m[31m[1m^[22m
[39m[31m[1m^[22m[39m[31m
[1m^[22m[39m[31m[1m^[22m
[39m[31m[1m^[22m[39m[31m
[1m^[22m[39m[31m[1m^[22m
[39m[31m[1m^[22m[39m[31m
[1m^[22m[39m[31m[1m^[22m
[39m[31m[1m^[22m[39m[31m
[1m^[22m[39m[31m[1m^[22m
[39m[31m[1m^[22m[39m[31m
[1m^[22m[39m[31m[1m^[22m
[39m[31m[1m^[22m[39m[31m
[1m^[22m[39m[31m[1m^[22m
[39m[31m[1m^[22m[39m[31m
[1m^[22m[39m[31m[1m^[22m
[39m[31m[1m^[22m[39m
 [90m 52 |[39m              
   [33m<[39m div className 
[33m=[39m[37m[41m[1m\[22m
[49m[39m[32m"max-w-md 
w-full text-center\">[39m
 [90m 53 |[39m              
       [33m<[39m div 
className [33m=[39m[37m[41
m[1m\[22m[49m[39m[32m"bg-
green-50 border-2 
border-green-500 rounded 
p-8\">[39m
 [90m 54 |[39m              
           [33m<[39m h2 
className [33m=[39m[37m[41
m[1m\[22m[49m[39m[32m"fon
t-heading text-4xl 
text-green-800 mb-4\">Γ£à 
Account Created!</h2>[39m[0m

Unterminated string constant


    at <unknown> (./Downloads/
conform-website/app/auth/login
/page.tsx:33:24)
    at <unknown> (./Downloads/
conform-website/app/auth/login
/page.tsx:33:25)
    at <unknown> (./Downloads/
conform-website/app/auth/signu
p/page.tsx:51:28)
    at <unknown> (./Downloads/
conform-website/app/auth/signu
p/page.tsx:51:29)
